// Jest Snapshot v1, https://goo.gl/fbAQLP

exports[`Header renders header unchanged 1`] = `
<div>
  <div
    class="container mt-3"
  >
    <nav
      class="navbar navbar-expand-lg navbar-light"
    >
      <div
        class="container-fluid"
      >
        <img
          alt=""
          height="50px"
          src="https://i.imgur.com/hSDDP67.png"
          width="50px"
        />
        <button
          aria-controls="navbarSupportedContent"
          aria-expanded="false"
          aria-label="Toggle navigation"
          class="navbar-toggler"
          data-bs-target="#navbarSupportedContent"
          data-bs-toggle="collapse"
          type="button"
        >
          <span
            class="navbar-toggler-icon"
          />
        </button>
        <div
          class="collapse navbar-collapse"
          id="navbarSupportedContent"
        >
          <ul
            class="navbar-nav ms-auto mx-4 mb-lg-0"
          >
            <li
              class="nav-item"
            >
              <a
                class="nav-link false"
                href="/"
              >
                <span
                  class="home"
                >
                  Home
                </span>
              </a>
            </li>
            <li
              class="nav-item dropdown"
            >
              <a
                aria-expanded="false"
                class="nav-link dropdown-toggle"
                data-bs-toggle="dropdown"
                id="navbarDropdown"
                role="button"
              >
                Category
              </a>
              <ul
                aria-labelledby="navbarDropdown"
                class="dropdown-menu"
              >
                 
              </ul>
            </li>
          </ul>
          <div
            class="btn btn-dark"
          >
            Sign In
          </div>
        </div>
      </div>
    </nav>
  </div>
</div>
`;
